=== 1 source(s)
SELECT s.name, a.attname::text, format_type(a.atttypid, NULL), bt.typcategory::text, bt.oid::bigint, a.attnotnull, (NOT COALESCE(co.collisdeterministic, TRUE) OR bt.typname = 'citext') FROM (VALUES ($1::text)) AS s(name) JOIN pg_class c ON c.oid = to_regclass(s.name) AND c.relkind IN ('r', 'p', 'v', 'm', 'f') JOIN pg_attribute a ON a.attrelid = c.oid AND a.attnum > 0 AND NOT a.attisdropped JOIN pg_type t ON t.oid = a.atttypid JOIN pg_type bt ON bt.oid = CASE WHEN t.typtype = 'd' THEN t.typbasetype ELSE t.oid END LEFT JOIN pg_collation co ON co.oid = a.attcollation ORDER BY s.name, a.attnum
=== 2 source(s)
SELECT s.name, a.attname::text, format_type(a.atttypid, NULL), bt.typcategory::text, bt.oid::bigint, a.attnotnull, (NOT COALESCE(co.collisdeterministic, TRUE) OR bt.typname = 'citext') FROM (VALUES ($1::text), ($2::text)) AS s(name) JOIN pg_class c ON c.oid = to_regclass(s.name) AND c.relkind IN ('r', 'p', 'v', 'm', 'f') JOIN pg_attribute a ON a.attrelid = c.oid AND a.attnum > 0 AND NOT a.attisdropped JOIN pg_type t ON t.oid = a.atttypid JOIN pg_type bt ON bt.oid = CASE WHEN t.typtype = 'd' THEN t.typbasetype ELSE t.oid END LEFT JOIN pg_collation co ON co.oid = a.attcollation ORDER BY s.name, a.attnum
=== 3 source(s)
SELECT s.name, a.attname::text, format_type(a.atttypid, NULL), bt.typcategory::text, bt.oid::bigint, a.attnotnull, (NOT COALESCE(co.collisdeterministic, TRUE) OR bt.typname = 'citext') FROM (VALUES ($1::text), ($2::text), ($3::text)) AS s(name) JOIN pg_class c ON c.oid = to_regclass(s.name) AND c.relkind IN ('r', 'p', 'v', 'm', 'f') JOIN pg_attribute a ON a.attrelid = c.oid AND a.attnum > 0 AND NOT a.attisdropped JOIN pg_type t ON t.oid = a.atttypid JOIN pg_type bt ON bt.oid = CASE WHEN t.typtype = 'd' THEN t.typbasetype ELSE t.oid END LEFT JOIN pg_collation co ON co.oid = a.attcollation ORDER BY s.name, a.attnum
